------- バックエンド（AI & DB）動作テスト -------
👤 テスト用ユーザー確認OK

🚀 FastAPIへ投稿リクエストを送信しています...
レスポンス: {'status': 'success', 'post_id': '55e8a62e-739b-4b2f-8465-d084910c434d', 'message': 'AIが圧倒的肯定を準備中です...'}

⏳ AIが肯定・アンチ・擁護ドラマを構築するのを待っています...

🔍 Supabaseから生成されたリプライを確認します...
投稿ステータス: generating
⚠️ リプライがまだ生成されていないか、エラーが発生しました。
